2026-09-07T07:42:44Z INF Thank you for trying Cloudflare Tunnel. Doing so, without a Cloudflare account, is a quick way to experiment and try it out. However, be aware that these account-less Tunnels have no uptime guarantee, are subject to the Cloudflare Online Services Terms of Use (https://www.cloudflare.com/website-terms/), and Cloudflare reserves the right to investigate your use of Tunnels for violations of such terms. If you intend to use Tunnels in production you should use a pre-created named tunnel by following: https://developers.cloudflare.com/cloudflare-one/connections/connect-apps
2026-09-07T07:42:44Z INF Requesting new quick Tunnel on trycloudflare.com...
2026-09-07T07:42:47Z INF +--------------------------------------------------------------------------------------------+
2026-09-07T07:42:47Z INF |  Your quick Tunnel has been created! Visit it at (it may take some time to be reachable):  |
2026-09-07T07:42:47Z INF |  https://consequences-stations-tips-chemistry.trycloudflare.com                            |
2026-09-07T07:42:47Z INF +--------------------------------------------------------------------------------------------+
2026-09-07T07:42:47Z INF Cannot determine default configuration path. No file [config.yml config.yaml] in [~/.cloudflared ~/.cloudflare-warp ~/cloudflare-warp /etc/cloudflared /usr/local/etc/cloudflared]
2026-09-07T07:42:47Z INF Version 2026.8.3 (Checksum f29324fe934d1e100617484c78deef803c4dc2cd351d645bbde42e96b4fccc5e)
2026-09-07T07:42:47Z INF GOOS: linux, GOVersion: go1.26.4, GoArch: amd64
2026-09-07T07:42:47Z INF Settings: map[ha-connections:1 protocol:quic url:http://127.0.0.1:8501]
2026-09-07T07:42:47Z INF cloudflared will not automatically update if installed by a package manager.
2026-09-07T07:42:47Z INF Generated Connector ID: 565e9286-01d4-4855-a4c1-fc4df12529fe
2026-09-07T07:42:47Z INF Initial protocol quic
2026-09-07T07:42:47Z INF ICMP proxy will use 172.28.0.12 as source for IPv4
2026-09-07T07:42:47Z INF ICMP proxy will use ::1 in zone lo as source for IPv6
2026/09/07 07:42:47 failed to sufficiently increase receive buffer size (was: 208 kiB, wanted: 7168 kiB, got: 416 kiB). See https://github.com/quic-go/quic-go/wiki/UDP-Buffer-Sizes for details.
2026-09-07T07:42:47Z INF ICMP proxy will use 172.28.0.12 as source for IPv4
2026-09-07T07:42:47Z INF ICMP proxy will use ::1 in zone lo as source for IPv6
2026-09-07T07:42:47Z INF Starting metrics server on 127.0.0.1:20241/metrics
2026-09-07T07:42:47Z INF Tunnel connection curve preferences: [X25519MLKEM768 CurveID(65074) CurveP256] connIndex=0 event=0 ip=198.41.192.107
2026-09-07T07:42:48Z INF Registered tunnel connection connIndex=0 connection=b40f605d-123b-41f1-82ae-f66941e1387c event=0 ip=198.41.192.107 location=hkg01 protocol=quic
2026-09-07T07:42:53Z INF +-------------------------------------------------------------------------------------+
2026-09-07T07:42:53Z INF |                               CONNECTIVITY PRE-CHECKS                               |
2026-09-07T07:42:53Z INF +-------------------------------------------------------------------------------------+
2026-09-07T07:42:53Z INF |  COMPONENT         TARGET                     STATUS  DETAILS                       |
2026-09-07T07:42:53Z INF |  DNS Resolution    region1.v2.argotunnel.com  PASS    DNS Resolved successfully     |
2026-09-07T07:42:53Z INF |  DNS Resolution    region2.v2.argotunnel.com  PASS    DNS Resolved successfully     |
2026-09-07T07:42:53Z INF |  UDP Connectivity  region1.v2.argotunnel.com  PASS    QUIC connection successful    |
2026-09-07T07:42:53Z INF |  UDP Connectivity  region2.v2.argotunnel.com  PASS    QUIC connection successful    |
2026-09-07T07:42:53Z INF |  TCP Connectivity  region1.v2.argotunnel.com  PASS    HTTP/2 connection successful  |
2026-09-07T07:42:53Z INF |  TCP Connectivity  region2.v2.argotunnel.com  PASS    HTTP/2 connection successful  |
2026-09-07T07:42:53Z INF |  Cloudflare API    api.cloudflare.com:443     PASS    API is reachable              |
2026-09-07T07:42:53Z INF |                                                                                     |
2026-09-07T07:42:53Z INF |  SUMMARY: Environment is healthy. cloudflared will use 'quic' as primary protocol.  |
2026-09-07T07:42:53Z INF +-------------------------------------------------------------------------------------+
2026-09-07T07:42:53Z INF precheck component="DNS Resolution" details="DNS Resolved successfully" run_id=a41fe960-b788-4374-a3ff-130758fbea38 status=pass target=region1.v2.argotunnel.com
2026-09-07T07:42:53Z INF precheck component="DNS Resolution" details="DNS Resolved successfully" run_id=a41fe960-b788-4374-a3ff-130758fbea38 status=pass target=region2.v2.argotunnel.com
2026-09-07T07:42:53Z INF precheck component="UDP Connectivity" details="QUIC connection successful" run_id=a41fe960-b788-4374-a3ff-130758fbea38 status=pass target=region1.v2.argotunnel.com
2026-09-07T07:42:53Z INF precheck component="UDP Connectivity" details="QUIC connection successful" run_id=a41fe960-b788-4374-a3ff-130758fbea38 status=pass target=region2.v2.argotunnel.com
2026-09-07T07:42:53Z INF precheck component="TCP Connectivity" details="HTTP/2 connection successful" run_id=a41fe960-b788-4374-a3ff-130758fbea38 status=pass target=region1.v2.argotunnel.com
2026-09-07T07:42:53Z INF precheck component="TCP Connectivity" details="HTTP/2 connection successful" run_id=a41fe960-b788-4374-a3ff-130758fbea38 status=pass target=region2.v2.argotunnel.com
2026-09-07T07:42:53Z INF precheck component="Cloudflare API" details="API is reachable" run_id=a41fe960-b788-4374-a3ff-130758fbea38 status=pass target=api.cloudflare.com:443
2026-09-07T07:42:53Z INF precheck complete hard_fail=false run_id=a41fe960-b788-4374-a3ff-130758fbea38 suggested_protocol=quic
